<?xml version="1.0"?>
<accountTransaction xmlns="http://www.eagleinvsys.com/2011/EagleML-2-0">
		<header>
			<identifier id="MYFIRM">
				<transactionId transactionIdScheme="MYFIRM">MYFIRM</transactionId>
			</identifier>
		</header>
		<rating>
			<sourceName>SOURCE1</sourceName>
			<updateSource>ADMIN</updateSource>
			<updateDate>2012-12-12</updateDate>
			<ratingDataModel>
				<alphaRating>CONCERN</alphaRating>
				<submittedBy>l5bprice</submittedBy>
				<submittedDate>2012-12-14T15:43:59-06:00</submittedDate>
				<ratingCode>BT_TEXT</ratingCode>
				<ratingTypeIndicator>WATCHLIST</ratingTypeIndicator>
				<spValue>BT_TEXT</spValue>
				<ratingDate1>2012-12-14</ratingDate1>
			</ratingDataModel>
		</rating>
	</accountTransaction>

